main.c:190:6:HAL_TIM_PeriodElapsedCallback	40	static
main.c:267:6:start	8	static
main.c:286:7:game_over	16	static
main.c:296:6:rotate	24	static
main.c:326:6:random_shape	72	static
main.c:425:6:display_srodek	184	static
main.c:471:6:czyszczenie	16	static
main.c:482:6:dodawaniewartoscidotablicy	24	static
main.c:496:7:check_table	24	static
main.c:509:6:full_line	24	static
main.c:548:5:main	16	static
main.c:613:6:SystemClock_Config	88	static
main.c:656:13:MX_ADC1_Init	24	static
main.c:714:13:MX_SPI1_Init	8	static
main.c:752:13:MX_TIM2_Init	32	static
main.c:795:13:MX_DMA_Init	16	static
main.c:813:13:MX_GPIO_Init	48	static
main.c:867:6:Error_Handler	4	static
